// Vitest Snapshot v1, https://vitest.dev/guide/snapshot.html

exports[`Testing in the <ExploreView/> component > should match snapshot 1`] = `
<div>
  <div
    class="MuiContainer-root MuiContainer-maxWidthLg css-1hb8xwj-MuiContainer-root"
  >
    <div
      class="MuiStack-root css-1waufmq-MuiStack-root"
    >
      <div
        class="MuiBox-root css-1r5plea"
      >
        <div
          class="MuiBox-root css-13nz920"
        >
          <div
            class="MuiBox-root css-tk1iyj"
          >
            <span
              class="MuiLinearProgress-root MuiLinearProgress-colorInherit MuiLinearProgress-indeterminate css-yptbrg-MuiLinearProgress-root"
              role="progressbar"
            >
              <span
                class="MuiLinearProgress-bar MuiLinearProgress-barColorInherit MuiLinearProgress-bar1Indeterminate css-jlm0hp-MuiLinearProgress-bar1"
              />
              <span
                class="MuiLinearProgress-bar MuiLinearProgress-barColorInherit MuiLinearProgress-bar2Indeterminate css-1wsh2fw-MuiLinearProgress-bar2"
              />
            </span>
          </div>
        </div>
      </div>
      <div
        class="MuiBox-root css-14btkih"
      >
        <div
          class="MuiStack-root css-nen11g-MuiStack-root"
          data-testid="carouselArrowsContainer"
        >
          <button
            class="MuiButtonBase-root MuiIconButton-root MuiIconButton-sizeMedium css-oxvw91-MuiButtonBase-root-MuiIconButton-root"
            tabindex="0"
            type="button"
          >
            <span
              data-icon="eva:arrow-ios-forward-fill"
              data-sx="{"transform":" scaleX(-1)"}"
              data-testid="leftButton"
            />
            <span
              class="MuiTouchRipple-root css-8je8zh-MuiTouchRipple-root"
            />
          </button>
          <div
            class="slick-slider slick-initialized"
          >
            <div
              class="slick-list"
              style="height: 0px;"
            >
              <div
                class="slick-track"
                style="opacity: 1; transform: translate3d(0px, 0px, 0px);"
              />
            </div>
          </div>
          <button
            class="MuiButtonBase-root MuiIconButton-root MuiIconButton-sizeMedium css-17oewfz-MuiButtonBase-root-MuiIconButton-root"
            tabindex="0"
            type="button"
          >
            <span
              data-icon="eva:arrow-ios-forward-fill"
              data-sx="{}"
              data-testid="rightButton"
            />
            <span
              class="MuiTouchRipple-root css-8je8zh-MuiTouchRipple-root"
            />
          </button>
        </div>
      </div>
      <div
        class="MuiPaper-root MuiPaper-elevation MuiPaper-rounded MuiPaper-elevation1 MuiCard-root css-bhp9pd-MuiPaper-root-MuiCard-root"
      >
        <div
          class="MuiCardHeader-root css-1pkklwm-MuiCardHeader-root"
        >
          <div
            class="MuiCardHeader-content css-1qbkelo-MuiCardHeader-content"
          >
            <span
              class="MuiTypography-root MuiTypography-h5 MuiCardHeader-title css-1qvr50w-MuiTypography-root"
            >
              Publications
            </span>
          </div>
          <div
            class="MuiCardHeader-action css-sgoict-MuiCardHeader-action"
          >
            <button
              class="MuiButtonBase-root MuiIconButton-root MuiIconButton-sizeMedium css-78trlr-MuiButtonBase-root-MuiIconButton-root"
              data-testid="leftButton"
              tabindex="0"
              type="button"
            >
              <svg
                class="tabler-icon tabler-icon-chevron-left "
                fill="none"
                height="24"
                stroke="currentColor"
                stroke-linecap="round"
                stroke-linejoin="round"
                stroke-width="2"
                viewBox="0 0 24 24"
                width="24"
                xmlns="http://www.w3.org/2000/svg"
              >
                <path
                  d="M15 6l-6 6l6 6"
                />
              </svg>
              <span
                class="MuiTouchRipple-root css-8je8zh-MuiTouchRipple-root"
              />
            </button>
            <button
              class="MuiButtonBase-root MuiIconButton-root MuiIconButton-sizeMedium css-78trlr-MuiButtonBase-root-MuiIconButton-root"
              data-testid="rightButton"
              tabindex="0"
              type="button"
            >
              <svg
                class="tabler-icon tabler-icon-chevron-right "
                fill="none"
                height="24"
                stroke="currentColor"
                stroke-linecap="round"
                stroke-linejoin="round"
                stroke-width="2"
                viewBox="0 0 24 24"
                width="24"
                xmlns="http://www.w3.org/2000/svg"
              >
                <path
                  d="M9 6l6 6l-6 6"
                />
              </svg>
              <span
                class="MuiTouchRipple-root css-8je8zh-MuiTouchRipple-root"
              />
            </button>
          </div>
        </div>
        <div
          class="MuiCardContent-root css-fd8ij7-MuiCardContent-root"
        >
          <div
            class="MuiBox-root css-1v61vtn"
          >
            <div
              class="slick-slider slick-initialized"
            >
              <div
                class="slick-list"
                style="height: 0px;"
              >
                <div
                  class="slick-track"
                  style="opacity: 1; transform: translate3d(0px, 0px, 0px);"
                />
              </div>
            </div>
          </div>
        </div>
      </div>
    </div>
  </div>
</div>
`;
