// Vitest Snapshot v1, https://vitest.dev/guide/snapshot.html

exports[`[COMPONENTS]: CarouselCreators > to match snapshot 1`] = `
<body>
  <div>
    <div
      class="MuiPaper-root MuiPaper-elevation MuiPaper-rounded MuiPaper-elevation1 MuiCard-root css-bhp9pd-MuiPaper-root-MuiCard-root"
    >
      <div
        class="MuiCardHeader-root css-12jpqf3-MuiCardHeader-root"
      >
        <div
          class="MuiCardHeader-content css-1qbkelo-MuiCardHeader-content"
        >
          <span
            class="MuiTypography-root MuiTypography-h5 MuiCardHeader-title css-1qvr50w-MuiTypography-root"
          >
            Test Carousel
          </span>
        </div>
        <div
          class="MuiCardHeader-action css-sgoict-MuiCardHeader-action"
        >
          <button
            class="MuiButtonBase-root MuiIconButton-root MuiIconButton-sizeMedium css-78trlr-MuiButtonBase-root-MuiIconButton-root"
            data-testid="leftButton"
            tabindex="0"
            type="button"
          >
            <svg
              class="tabler-icon tabler-icon-chevron-left "
              fill="none"
              height="24"
              stroke="currentColor"
              stroke-linecap="round"
              stroke-linejoin="round"
              stroke-width="2"
              viewBox="0 0 24 24"
              width="24"
              xmlns="http://www.w3.org/2000/svg"
            >
              <path
                d="M15 6l-6 6l6 6"
              />
            </svg>
            <span
              class="MuiTouchRipple-root css-8je8zh-MuiTouchRipple-root"
            />
          </button>
          <button
            class="MuiButtonBase-root MuiIconButton-root MuiIconButton-sizeMedium css-78trlr-MuiButtonBase-root-MuiIconButton-root"
            data-testid="rightButton"
            tabindex="0"
            type="button"
          >
            <svg
              class="tabler-icon tabler-icon-chevron-right "
              fill="none"
              height="24"
              stroke="currentColor"
              stroke-linecap="round"
              stroke-linejoin="round"
              stroke-width="2"
              viewBox="0 0 24 24"
              width="24"
              xmlns="http://www.w3.org/2000/svg"
            >
              <path
                d="M9 6l6 6l-6 6"
              />
            </svg>
            <span
              class="MuiTouchRipple-root css-8je8zh-MuiTouchRipple-root"
            />
          </button>
        </div>
      </div>
      <div
        class="MuiCardContent-root css-10jug1b-MuiCardContent-root"
      >
        <div
          class="MuiBox-root css-8lmyt0"
        >
          <div
            class="slick-slider slick-initialized"
          >
            <div
              class="slick-list"
            >
              <div
                class="slick-track"
                style="opacity: 1; transform: translate3d(0px, 0px, 0px);"
              >
                <div
                  aria-hidden="false"
                  class="slick-slide slick-active slick-current"
                  data-index="0"
                  style="outline: none; width: 0px;"
                  tabindex="-1"
                >
                  <div>
                    <div
                      class="MuiBox-root css-0"
                    >
                      <div
                        class="MuiBox-root css-k008qs"
                      >
                        <div
                          class="MuiBox-root css-rmtq2p"
                        >
                          <div
                            class="MuiBox-root css-urjiuj"
                          >
                            <span
                              class="component-image MuiBox-root css-1w0a4u"
                            >
                              <span
                                class="component-image-wrapper lazy-load-image-background blur"
                                style="background-image: url(/assets/placeholder.svg); background-size: 100% 100%; color: transparent; display: inline-block;"
                              >
                                <img
                                  alt="Profile Cover"
                                  class="MuiBox-root css-3j6ntj"
                                  src="https://picsum.photos/seed/1/1920/820"
                                />
                              </span>
                            </span>
                            <div
                              class="MuiPaper-root MuiPaper-elevation MuiPaper-rounded MuiPaper-elevation1 MuiCard-root css-vihmqx-MuiPaper-root-MuiCard-root"
                            >
                              <div
                                class="MuiAvatar-root MuiAvatar-rounded css-13ubyhz-MuiAvatar-root"
                              >
                                <img
                                  alt=""
                                  class="MuiAvatar-img css-1pqm26d-MuiAvatar-img"
                                  src="https://api.dicebear.com/9.x/bottts-neutral/svg?seed=1"
                                />
                              </div>
                              <div
                                class="MuiBox-root css-7gc5b8"
                              >
                                <div
                                  class="MuiListItemText-root MuiListItemText-multiline css-konndc-MuiListItemText-root"
                                >
                                  <span
                                    class="MuiTypography-root MuiTypography-body1 MuiTypography-noWrap MuiListItemText-primary css-f69c18-MuiTypography-root"
                                  >
                                    <div
                                      class="MuiBox-root css-geek62"
                                    >
                                      <p
                                        class="MuiTypography-root MuiTypography-body1 css-nl8q6o-MuiTypography-root"
                                      />
                                      <div
                                        class="MuiBox-root css-1wqjpco"
                                      />
                                    </div>
                                  </span>
                                  <span
                                    class="MuiTypography-root MuiTypography-body2 MuiTypography-noWrap MuiListItemText-secondary css-uhfo76-MuiTypography-root"
                                  >
                                    1
                                  </span>
                                </div>
                                <div
                                  class="MuiBox-root css-0"
                                >
                                  <button
                                    class="MuiButtonBase-root MuiButton-root MuiLoadingButton-root MuiButton-outlined MuiButton-outlinedPrimary MuiButton-sizeSmall MuiButton-outlinedSizeSmall MuiButton-colorPrimary MuiButton-root MuiLoadingButton-root MuiButton-outlined MuiButton-outlinedPrimary MuiButton-sizeSmall MuiButton-outlinedSizeSmall MuiButton-colorPrimary css-1hhktcy-MuiButtonBase-root-MuiButton-root-MuiLoadingButton-root"
                                    id=":r0:"
                                    tabindex="0"
                                    title="Unfollow"
                                    type="button"
                                  >
                                    Unfollow
                                    <span
                                      class="MuiTouchRipple-root css-8je8zh-MuiTouchRipple-root"
                                    />
                                  </button>
                                </div>
                              </div>
                            </div>
                          </div>
                        </div>
                      </div>
                      <div
                        class="MuiBox-root css-k008qs"
                      />
                    </div>
                  </div>
                </div>
              </div>
            </div>
          </div>
        </div>
      </div>
    </div>
  </div>
</body>
`;
