// Vitest Snapshot v1, https://vitest.dev/guide/snapshot.html

exports[`[COMPONENTS]: TableSelectedAction component testing > matches snapshot 1`] = `
<div>
  <div
    class="MuiStack-root css-kp6p8-MuiStack-root"
  >
    <span
      class="MuiButtonBase-root MuiCheckbox-root MuiCheckbox-indeterminate MuiCheckbox-colorPrimary MuiCheckbox-sizeMedium PrivateSwitchBase-root MuiCheckbox-root MuiCheckbox-indeterminate MuiCheckbox-colorPrimary MuiCheckbox-sizeMedium MuiCheckbox-root MuiCheckbox-indeterminate MuiCheckbox-colorPrimary MuiCheckbox-sizeMedium css-12wnr2w-MuiButtonBase-root-MuiCheckbox-root"
    >
      <input
        class="PrivateSwitchBase-input css-1m9pwf3"
        data-indeterminate="true"
        type="checkbox"
      />
      <svg
        aria-hidden="true"
        class="MuiSvgIcon-root MuiSvgIcon-fontSizeMedium css-i4bv87-MuiSvgIcon-root"
        data-testid="IndeterminateCheckBoxIcon"
        focusable="false"
        viewBox="0 0 24 24"
      >
        <path
          d="M19 3H5c-1.1 0-2 .9-2 2v14c0 1.1.9 2 2 2h14c1.1 0 2-.9 2-2V5c0-1.1-.9-2-2-2zm-2 10H7v-2h10v2z"
        />
      </svg>
      <span
        class="MuiTouchRipple-root css-8je8zh-MuiTouchRipple-root"
      />
    </span>
    <h6
      class="MuiTypography-root MuiTypography-subtitle2 css-1kwcz3m-MuiTypography-root"
    >
      5
       selected
    </h6>
  </div>
</div>
`;
