// Vitest Snapshot v1, https://vitest.dev/guide/snapshot.html

exports[`CarouselArrows component testing > to match snapshot 1`] = `
<body>
  <div>
    <div
      class="MuiStack-root css-jsrnih-MuiStack-root"
    >
      <button
        class="MuiButtonBase-root MuiIconButton-root MuiIconButton-sizeMedium css-cxw0gb-MuiButtonBase-root-MuiIconButton-root"
        tabindex="0"
        type="button"
      >
        <span />
        <span
          class="MuiTouchRipple-root css-8je8zh-MuiTouchRipple-root"
        />
      </button>
      <button
        class="MuiButtonBase-root MuiIconButton-root MuiIconButton-sizeMedium css-cxw0gb-MuiButtonBase-root-MuiIconButton-root"
        tabindex="0"
        type="button"
      >
        <span />
        <span
          class="MuiTouchRipple-root css-8je8zh-MuiTouchRipple-root"
        />
      </button>
    </div>
  </div>
</body>
`;
