// Vitest Snapshot v1, https://vitest.dev/guide/snapshot.html

exports[`Testing in the <ExploreCarouselSkeleton/> component > should match snapshot 1`] = `
<div>
  <div
    class="MuiPaper-root MuiPaper-elevation MuiPaper-rounded MuiPaper-elevation1 MuiCard-root css-19i2hl5-MuiPaper-root-MuiCard-root"
  >
    <div
      class="MuiCardHeader-root css-hl0h5w-MuiCardHeader-root"
    >
      <div
        class="MuiCardHeader-content css-1qbkelo-MuiCardHeader-content"
      >
        <span
          class="MuiTypography-root MuiTypography-h5 MuiCardHeader-title css-1qvr50w-MuiTypography-root"
        >
          Test
        </span>
      </div>
    </div>
    <div
      class="MuiCardContent-root css-ceyv38-MuiCardContent-root"
    >
      <div
        class="MuiBox-root css-i6bazn"
      >
        <div
          class="MuiBox-root css-k008qs"
        >
          <div
            class="MuiBox-root css-b3j2rt"
            data-testid="skeleton-item"
          >
            <div
              class="MuiBox-root css-0"
            />
          </div>
          <div
            class="MuiBox-root css-b3j2rt"
            data-testid="skeleton-item"
          >
            <div
              class="MuiBox-root css-0"
            />
          </div>
          <div
            class="MuiBox-root css-b3j2rt"
            data-testid="skeleton-item"
          >
            <div
              class="MuiBox-root css-0"
            />
          </div>
        </div>
        <div
          class="MuiBox-root css-k008qs"
        >
          <div
            class="MuiBox-root css-b3j2rt"
            data-testid="skeleton-item"
          >
            <div
              class="MuiBox-root css-0"
            />
          </div>
          <div
            class="MuiBox-root css-b3j2rt"
            data-testid="skeleton-item"
          >
            <div
              class="MuiBox-root css-0"
            />
          </div>
          <div
            class="MuiBox-root css-b3j2rt"
            data-testid="skeleton-item"
          >
            <div
              class="MuiBox-root css-0"
            />
          </div>
        </div>
      </div>
    </div>
  </div>
</div>
`;
