// Vitest Snapshot v1, https://vitest.dev/guide/snapshot.html

exports[`Testing in the <ExploreTopPublications/> component > should match snapshot 1`] = `
<div>
  <div
    class="MuiBox-root css-qrplld"
  >
    <div
      class="MuiStack-root css-nen11g-MuiStack-root"
      data-testid="carouselArrowsContainer"
    >
      <button
        class="MuiButtonBase-root MuiIconButton-root MuiIconButton-sizeMedium css-oxvw91-MuiButtonBase-root-MuiIconButton-root"
        tabindex="0"
        type="button"
      >
        <span
          data-icon="eva:arrow-ios-forward-fill"
          data-sx="{"transform":" scaleX(-1)"}"
          data-testid="leftButton"
        />
        <span
          class="MuiTouchRipple-root css-8je8zh-MuiTouchRipple-root"
        />
      </button>
      <div
        class="slick-slider slick-initialized"
      >
        <div
          class="slick-list"
          style="height: 0px;"
        >
          <div
            class="slick-track"
            style="opacity: 1; transform: translate3d(0px, 0px, 0px);"
          />
        </div>
      </div>
      <button
        class="MuiButtonBase-root MuiIconButton-root MuiIconButton-sizeMedium css-17oewfz-MuiButtonBase-root-MuiIconButton-root"
        tabindex="0"
        type="button"
      >
        <span
          data-icon="eva:arrow-ios-forward-fill"
          data-sx="{}"
          data-testid="rightButton"
        />
        <span
          class="MuiTouchRipple-root css-8je8zh-MuiTouchRipple-root"
        />
      </button>
    </div>
  </div>
</div>
`;
