// Vitest Snapshot v1, https://vitest.dev/guide/snapshot.html

exports[`Testing in the <explore-loader/> component  > should match snapshot 1`] = `
<div>
  <div
    class="MuiBox-root css-1r5plea"
  >
    <div
      class="MuiBox-root css-13nz920"
    >
      <div
        data-testid="loading-screen"
      >
        Loading...
      </div>
    </div>
  </div>
</div>
`;
