// Vitest Snapshot v1, https://vitest.dev/guide/snapshot.html

exports[`Components: FinanceEarnTokens component testing > to match snapshot 1`] = `
<body>
  <div>
    <div
      class="MuiStack-root css-ynyrqs-MuiStack-root"
    >
      <div
        class="MuiStack-root css-ujecmv-MuiStack-root"
      >
        <div
          class="MuiStack-root css-5l5wo1-MuiStack-root"
        >
          <p
            class="MuiTypography-root MuiTypography-body1 css-69d51a-MuiTypography-root"
          >
            Earn rewards effortlessly!
          </p>
          <h3
            class="MuiTypography-root MuiTypography-h3 css-1dxzy88-MuiTypography-root"
          >
            Earn
             
            <span
              style="opacity: 0.5; margin-right: 0.5rem; margin-left: 0.5rem;"
            >
              MMC
            </span>
            tokens
          </h3>
          <p
            class="MuiTypography-root MuiTypography-body1 css-1kqoa8i-MuiTypography-root"
          >
            Complete tasks, grow your balance, and unlock exciting rewards.
          </p>
          <button
            class="MuiButtonBase-root MuiButton-root MuiButton-soft MuiButton-softPrimary MuiButton-sizeMedium MuiButton-softSizeMedium MuiButton-colorPrimary MuiButton-disableElevation MuiButton-root MuiButton-soft MuiButton-softPrimary MuiButton-sizeMedium MuiButton-softSizeMedium MuiButton-colorPrimary MuiButton-disableElevation css-1io4ly4-MuiButtonBase-root-MuiButton-root"
            tabindex="0"
            type="button"
          >
            <span
              class="MuiButton-icon MuiButton-startIcon MuiButton-iconSizeMedium css-gcc2o7-MuiButton-startIcon"
            >
              <span />
            </span>
            Start earning now!
            <span
              class="MuiTouchRipple-root css-8je8zh-MuiTouchRipple-root"
            />
          </button>
        </div>
        <div
          class="MuiStack-root css-88x6a-MuiStack-root"
          data-testid="earn-tokens-image"
        >
          <span
            class="component-image MuiBox-root css-1vmasgv"
          >
            <span
              class="component-image-wrapper lazy-load-image-background blur"
              style="background-image: url(/assets/placeholder.svg); background-size: 100% 100%; color: transparent; display: inline-block;"
            >
              <img
                alt="Earn MMC tokens"
                class="MuiBox-root css-3j6ntj"
                src="/src/assets/illustrations/earn.svg"
              />
            </span>
          </span>
        </div>
      </div>
    </div>
  </div>
</body>
`;
